// Jest Snapshot v1, https://goo.gl/fbAQLP

exports[`test in GifGridItem should show <GifGridItem /> correct 1`] = `
<div
  className="card animate__animated animate__bounce"
>
  <img
    alt="test"
    src="https://www.google.com"
  />
  <p>
     
    test
     
  </p>
</div>
`;
